// Jest Snapshot v1, https://goo.gl/fbAQLP

exports[`vector-tile works 1`] = `
"import {Tile_Feature, Tile_Value, Tile_Layer} from 'vector_tile';


interface Value {

  string_value: string;

  float_value: number;

  double_value: number;

  int_value: number;

  uint_value: number;

  sint_value: number;

  bool_value: boolean;

}

interface Feature {

  id: number;

  tags: Array<number>;

  type: .vector_tile.Tile.GeomType;

  geometry: Array<number>;

}

interface Layer {

  version: number;

  name: string;

  features: Array<Tile_Feature>;

  keys: Array<string>;

  values: Array<Tile_Value>;

  extent: number;

}

interface Tile {

  layers: Array<Tile_Layer>;

}
"
`;
